### BTest baseline data generated by btest-diff. Do not edit. Use "btest -U/-u" to update. Requires BTest >= 0.63.
[error] <...>/struct-ctor-init-fail.spicy:14:5-14:35: cannot coerce expression '[$a=1, $b=2]' of type 'struct { uint<64> a; uint<64> b; }' to type 'X'
[error] spicyc: aborting after errors
