### BTest baseline data generated by btest-diff. Do not edit. Use "btest -U/-u" to update. Requires BTest >= 0.63.
[debug/ast-stats] garbage collected 1072 nodes in 12 rounds, 7974 left retained
[debug/ast-stats] garbage collected 479 nodes in 11 rounds, 9128 left retained
[debug/ast-stats] garbage collected 170 nodes in 6 rounds, 9531 left retained
[debug/ast-stats] garbage collected 78 nodes in 3 rounds, 9531 left retained
[debug/ast-stats] garbage collected 78 nodes in 3 rounds, 9531 left retained
[debug/ast-stats] # [Spicy] AST statistics:
[debug/ast-stats]   - # AST rounds 5
[debug/ast-stats]   - max tree depth: 16
[debug/ast-stats]   - # context declarations: 67
[debug/ast-stats]   - # context types: 47
[debug/ast-stats]   - # context modules: 5
[debug/ast-stats]   - # nodes reachable in AST: 3095
[debug/ast-stats]   - # nodes live: 9531
[debug/ast-stats]   - # nodes retained: 9531
[debug/ast-stats]   - # nodes live > 1%:
[debug/ast-stats]     - Attribute: 167
[debug/ast-stats]     - AttributeSet: 328
[debug/ast-stats]     - QualifiedType: 3219
[debug/ast-stats]     - ctor::String: 118
[debug/ast-stats]     - declaration::Parameter: 127
[debug/ast-stats]     - expression::Ctor: 207
[debug/ast-stats]     - type::Bool: 154
[debug/ast-stats]     - type::Bytes: 147
[debug/ast-stats]     - type::Function: 130
[debug/ast-stats]     - type::Member: 170
[debug/ast-stats]     - type::OperandList: 656
[debug/ast-stats]     - type::String: 196
[debug/ast-stats]     - type::Unknown: 155
[debug/ast-stats]     - type::UnsignedInteger: 519
[debug/ast-stats]     - type::Void: 114
[debug/ast-stats]     - type::bytes::Iterator: 175
[debug/ast-stats]     - type::operand_list::Operand: 1224
[debug/ast-stats]     - type::stream::Iterator: 133
[debug/ast-stats] garbage collected 10026 nodes in 14 rounds, 21409 left retained
[debug/ast-stats] garbage collected 2318 nodes in 16 rounds, 25227 left retained
[debug/ast-stats] garbage collected 2354 nodes in 8 rounds, 26645 left retained
[debug/ast-stats] garbage collected 4558 nodes in 11 rounds, 27837 left retained
[debug/ast-stats] garbage collected 420 nodes in 3 rounds, 27837 left retained
[debug/ast-stats] # [HILTI] AST statistics:
[debug/ast-stats]   - # AST rounds 5
[debug/ast-stats]   - max tree depth: 27
[debug/ast-stats]   - # context declarations: 262
[debug/ast-stats]   - # context types: 55
[debug/ast-stats]   - # context modules: 8
[debug/ast-stats]   - # nodes reachable in AST: 19057
[debug/ast-stats]   - # nodes live: 27837
[debug/ast-stats]   - # nodes retained: 27837
[debug/ast-stats]   - # nodes live > 1%:
[debug/ast-stats]     - Attribute: 297
[debug/ast-stats]     - AttributeSet: 752
[debug/ast-stats]     - QualifiedType: 9176
[debug/ast-stats]     - declaration::Parameter: 388
[debug/ast-stats]     - expression::Ctor: 804
[debug/ast-stats]     - expression::Member: 342
[debug/ast-stats]     - expression::Name: 1036
[debug/ast-stats]     - type::Bool: 334
[debug/ast-stats]     - type::Member: 565
[debug/ast-stats]     - type::Name: 522
[debug/ast-stats]     - type::OperandList: 784
[debug/ast-stats]     - type::Optional: 465
[debug/ast-stats]     - type::String: 422
[debug/ast-stats]     - type::Tuple: 351
[debug/ast-stats]     - type::UnsignedInteger: 1744
[debug/ast-stats]     - type::operand_list::Operand: 1524
[debug/ast-stats]     - type::stream::Iterator: 1023
[debug/ast-stats]     - type::stream::View: 557
[debug/ast-stats]     - type::tuple::Element: 675
[debug/ast-stats] garbage collected 33302 nodes in 18 rounds, 0 left retained
[debug/ast-stats] garbage collected 0 nodes in 1 round, 0 left retained
